package com.google.testdata.v1;

import com.google.api.core.BetaApi;
import com.google.protobuf.AbstractMessage;
import com.google.protobuf.Empty;
import com.google.testdata.v1.DeprecatedServiceGrpc.DeprecatedServiceImplBase;
import io.grpc.stub.StreamObserver;
import java.util.ArrayList;
import java.util.LinkedList;
import java.util.List;
import java.util.Queue;
import javax.annotation.Generated;

@BetaApi
@Generated("by gapic-generator-java")
public class MockDeprecatedServiceImpl extends DeprecatedServiceImplBase {
  private List<AbstractMessage> requests;
  private Queue<java.lang.Object> responses;

  public MockDeprecatedServiceImpl() {
    requests = new ArrayList<>();
    responses = new LinkedList<>();
  }

  public List<AbstractMessage> getRequests() {
    return requests;
  }

  public void addResponse(AbstractMessage response) {
    responses.add(response);
  }

  public void setResponses(List<AbstractMessage> responses) {
    this.responses = new LinkedList<java.lang.Object>(responses);
  }

  public void addException(Exception exception) {
    responses.add(exception);
  }

  public void reset() {
    requests = new ArrayList<>();
    responses = new LinkedList<>();
  }

  @Override
  public void fastFibonacci(FibonacciRequest request, StreamObserver<Empty> responseObserver) {
    java.lang.Object response = responses.poll();
    if (response instanceof Empty) {
      requests.add(request);
      responseObserver.onNext(((Empty) response));
      responseObserver.onCompleted();
    } else if (response instanceof Exception) {
      responseObserver.onError(((Exception) response));
    } else {
      responseObserver.onError(
          new IllegalArgumentException(
              String.format(
                  "Unrecognized response type %s for method FastFibonacci, expected %s or %s",
                  response == null ? "null" : response.getClass().getName(),
                  Empty.class.getName(),
                  Exception.class.getName())));
    }
  }

  @Override
  public void slowFibonacci(FibonacciRequest request, StreamObserver<Empty> responseObserver) {
    java.lang.Object response = responses.poll();
    if (response instanceof Empty) {
      requests.add(request);
      responseObserver.onNext(((Empty) response));
      responseObserver.onCompleted();
    } else if (response instanceof Exception) {
      responseObserver.onError(((Exception) response));
    } else {
      responseObserver.onError(
          new IllegalArgumentException(
              String.format(
                  "Unrecognized response type %s for method SlowFibonacci, expected %s or %s",
                  response == null ? "null" : response.getClass().getName(),
                  Empty.class.getName(),
                  Exception.class.getName())));
    }
  }
}
