package com.google.showcase.v1beta1;

import com.google.api.core.BetaApi;
import com.google.longrunning.Operation;
import com.google.protobuf.AbstractMessage;
import com.google.showcase.v1beta1.EchoGrpc.EchoImplBase;
import io.grpc.stub.StreamObserver;
import java.util.ArrayList;
import java.util.LinkedList;
import java.util.List;
import java.util.Queue;
import javax.annotation.Generated;

@BetaApi
@Generated("by gapic-generator-java")
public class MockEchoImpl extends EchoImplBase {
  private List<AbstractMessage> requests;
  private Queue<java.lang.Object> responses;

  public MockEchoImpl() {
    requests = new ArrayList<>();
    responses = new LinkedList<>();
  }

  public List<AbstractMessage> getRequests() {
    return requests;
  }

  public void addResponse(AbstractMessage response) {
    responses.add(response);
  }

  public void setResponses(List<AbstractMessage> responses) {
    this.responses = new LinkedList<java.lang.Object>(responses);
  }

  public void addException(Exception exception) {
    responses.add(exception);
  }

  public void reset() {
    requests = new ArrayList<>();
    responses = new LinkedList<>();
  }

  @Override
  public void echo(EchoRequest request, StreamObserver<EchoResponse> responseObserver) {
    java.lang.Object response = responses.poll();
    if (response instanceof EchoResponse) {
      requests.add(request);
      responseObserver.onNext(((EchoResponse) response));
      responseObserver.onCompleted();
    } else if (response instanceof Exception) {
      responseObserver.onError(((Exception) response));
    } else {
      responseObserver.onError(
          new IllegalArgumentException(
              String.format(
                  "Unrecognized response type %s for method Echo, expected %s or %s",
                  response == null ? "null" : response.getClass().getName(),
                  EchoResponse.class.getName(),
                  Exception.class.getName())));
    }
  }

  @Override
  public void expand(ExpandRequest request, StreamObserver<EchoResponse> responseObserver) {
    java.lang.Object response = responses.poll();
    if (response instanceof EchoResponse) {
      requests.add(request);
      responseObserver.onNext(((EchoResponse) response));
      responseObserver.onCompleted();
    } else if (response instanceof Exception) {
      responseObserver.onError(((Exception) response));
    } else {
      responseObserver.onError(
          new IllegalArgumentException(
              String.format(
                  "Unrecognized response type %s for method Expand, expected %s or %s",
                  response == null ? "null" : response.getClass().getName(),
                  EchoResponse.class.getName(),
                  Exception.class.getName())));
    }
  }

  @Override
  public StreamObserver<EchoRequest> collect(final StreamObserver<EchoResponse> responseObserver) {
    StreamObserver<EchoRequest> requestObserver =
        new StreamObserver<EchoRequest>() {
          @Override
          public void onNext(EchoRequest value) {
            requests.add(value);
            final java.lang.Object response = responses.remove();
            if (response instanceof EchoResponse) {
              responseObserver.onNext(((EchoResponse) response));
            } else if (response instanceof Exception) {
              responseObserver.onError(((Exception) response));
            } else {
              responseObserver.onError(
                  new IllegalArgumentException(
                      String.format(
                          "Unrecognized response type %s for method Collect, expected %s or %s",
                          response == null ? "null" : response.getClass().getName(),
                          EchoResponse.class.getName(),
                          Exception.class.getName())));
            }
          }

          @Override
          public void onError(Throwable t) {
            responseObserver.onError(t);
          }

          @Override
          public void onCompleted() {
            responseObserver.onCompleted();
          }
        };
    return requestObserver;
  }

  @Override
  public StreamObserver<EchoRequest> chat(final StreamObserver<EchoResponse> responseObserver) {
    StreamObserver<EchoRequest> requestObserver =
        new StreamObserver<EchoRequest>() {
          @Override
          public void onNext(EchoRequest value) {
            requests.add(value);
            final java.lang.Object response = responses.remove();
            if (response instanceof EchoResponse) {
              responseObserver.onNext(((EchoResponse) response));
            } else if (response instanceof Exception) {
              responseObserver.onError(((Exception) response));
            } else {
              responseObserver.onError(
                  new IllegalArgumentException(
                      String.format(
                          "Unrecognized response type %s for method Chat, expected %s or %s",
                          response == null ? "null" : response.getClass().getName(),
                          EchoResponse.class.getName(),
                          Exception.class.getName())));
            }
          }

          @Override
          public void onError(Throwable t) {
            responseObserver.onError(t);
          }

          @Override
          public void onCompleted() {
            responseObserver.onCompleted();
          }
        };
    return requestObserver;
  }

  @Override
  public StreamObserver<EchoRequest> chatAgain(
      final StreamObserver<EchoResponse> responseObserver) {
    StreamObserver<EchoRequest> requestObserver =
        new StreamObserver<EchoRequest>() {
          @Override
          public void onNext(EchoRequest value) {
            requests.add(value);
            final java.lang.Object response = responses.remove();
            if (response instanceof EchoResponse) {
              responseObserver.onNext(((EchoResponse) response));
            } else if (response instanceof Exception) {
              responseObserver.onError(((Exception) response));
            } else {
              responseObserver.onError(
                  new IllegalArgumentException(
                      String.format(
                          "Unrecognized response type %s for method ChatAgain, expected %s or %s",
                          response == null ? "null" : response.getClass().getName(),
                          EchoResponse.class.getName(),
                          Exception.class.getName())));
            }
          }

          @Override
          public void onError(Throwable t) {
            responseObserver.onError(t);
          }

          @Override
          public void onCompleted() {
            responseObserver.onCompleted();
          }
        };
    return requestObserver;
  }

  @Override
  public void pagedExpand(
      PagedExpandRequest request, StreamObserver<PagedExpandResponse> responseObserver) {
    java.lang.Object response = responses.poll();
    if (response instanceof PagedExpandResponse) {
      requests.add(request);
      responseObserver.onNext(((PagedExpandResponse) response));
      responseObserver.onCompleted();
    } else if (response instanceof Exception) {
      responseObserver.onError(((Exception) response));
    } else {
      responseObserver.onError(
          new IllegalArgumentException(
              String.format(
                  "Unrecognized response type %s for method PagedExpand, expected %s or %s",
                  response == null ? "null" : response.getClass().getName(),
                  PagedExpandResponse.class.getName(),
                  Exception.class.getName())));
    }
  }

  @Override
  public void simplePagedExpand(
      PagedExpandRequest request, StreamObserver<PagedExpandResponse> responseObserver) {
    java.lang.Object response = responses.poll();
    if (response instanceof PagedExpandResponse) {
      requests.add(request);
      responseObserver.onNext(((PagedExpandResponse) response));
      responseObserver.onCompleted();
    } else if (response instanceof Exception) {
      responseObserver.onError(((Exception) response));
    } else {
      responseObserver.onError(
          new IllegalArgumentException(
              String.format(
                  "Unrecognized response type %s for method SimplePagedExpand, expected %s or %s",
                  response == null ? "null" : response.getClass().getName(),
                  PagedExpandResponse.class.getName(),
                  Exception.class.getName())));
    }
  }

  @Override
  public void wait(WaitRequest request, StreamObserver<Operation> responseObserver) {
    java.lang.Object response = responses.poll();
    if (response instanceof Operation) {
      requests.add(request);
      responseObserver.onNext(((Operation) response));
      responseObserver.onCompleted();
    } else if (response instanceof Exception) {
      responseObserver.onError(((Exception) response));
    } else {
      responseObserver.onError(
          new IllegalArgumentException(
              String.format(
                  "Unrecognized response type %s for method Wait, expected %s or %s",
                  response == null ? "null" : response.getClass().getName(),
                  Operation.class.getName(),
                  Exception.class.getName())));
    }
  }

  @Override
  public void block(BlockRequest request, StreamObserver<BlockResponse> responseObserver) {
    java.lang.Object response = responses.poll();
    if (response instanceof BlockResponse) {
      requests.add(request);
      responseObserver.onNext(((BlockResponse) response));
      responseObserver.onCompleted();
    } else if (response instanceof Exception) {
      responseObserver.onError(((Exception) response));
    } else {
      responseObserver.onError(
          new IllegalArgumentException(
              String.format(
                  "Unrecognized response type %s for method Block, expected %s or %s",
                  response == null ? "null" : response.getClass().getName(),
                  BlockResponse.class.getName(),
                  Exception.class.getName())));
    }
  }

  @Override
  public void collideName(EchoRequest request, StreamObserver<Object> responseObserver) {
    java.lang.Object response = responses.poll();
    if (response instanceof Object) {
      requests.add(request);
      responseObserver.onNext(((Object) response));
      responseObserver.onCompleted();
    } else if (response instanceof Exception) {
      responseObserver.onError(((Exception) response));
    } else {
      responseObserver.onError(
          new IllegalArgumentException(
              String.format(
                  "Unrecognized response type %s for method CollideName, expected %s or %s",
                  response == null ? "null" : response.getClass().getName(),
                  Object.class.getName(),
                  Exception.class.getName())));
    }
  }

  @Override
  public void pagedExpandLegacy(
      PagedExpandLegacyRequest request, StreamObserver<PagedExpandResponse> responseObserver) {
    java.lang.Object response = responses.poll();
    if (response instanceof PagedExpandResponse) {
      requests.add(request);
      responseObserver.onNext(((PagedExpandResponse) response));
      responseObserver.onCompleted();
    } else if (response instanceof Exception) {
      responseObserver.onError(((Exception) response));
    } else {
      responseObserver.onError(
          new IllegalArgumentException(
              String.format(
                  "Unrecognized response type %s for method PagedExpandLegacy, expected %s or %s",
                  response == null ? "null" : response.getClass().getName(),
                  PagedExpandResponse.class.getName(),
                  Exception.class.getName())));
    }
  }
}
