src/test/java/com/google/cloud/bigtable/data/v2/MockBigtableImpl.java
src/test/java/com/google/cloud/bigtable/data/v2/BaseBigtableDataClientTest.java
src/test/java/com/google/cloud/bigtable/data/v2/MockBigtable.java
src/main/java/com/google/cloud/bigtable/data/v2/package-info.java
src/main/java/com/google/cloud/bigtable/data/v2/BaseBigtableDataSettings.java
src/main/java/com/google/cloud/bigtable/data/v2/stub/BigtableStub.java
src/main/java/com/google/cloud/bigtable/data/v2/stub/GrpcBigtableStub.java
src/main/java/com/google/cloud/bigtable/data/v2/stub/BigtableStubSettings.java
src/main/java/com/google/cloud/bigtable/data/v2/BaseBigtableDataClient.java
src/test/java/com/google/cloud/bigtable/admin/v2/MockBigtableTableAdmin.java
src/test/java/com/google/cloud/bigtable/admin/v2/BigtableInstanceAdminClientTest.java
src/test/java/com/google/cloud/bigtable/admin/v2/BigtableTableAdminClientTest.java
src/test/java/com/google/cloud/bigtable/admin/v2/MockBigtableTableAdminImpl.java
src/test/java/com/google/cloud/bigtable/admin/v2/MockBigtableInstanceAdmin.java
src/test/java/com/google/cloud/bigtable/admin/v2/MockBigtableInstanceAdminImpl.java
src/main/java/com/google/cloud/bigtable/admin/v2/package-info.java
src/main/java/com/google/cloud/bigtable/admin/v2/BigtableInstanceAdminSettings.java
src/main/java/com/google/cloud/bigtable/admin/v2/stub/BigtableInstanceAdminStub.java
src/main/java/com/google/cloud/bigtable/admin/v2/stub/GrpcBigtableInstanceAdminStub.java
src/main/java/com/google/cloud/bigtable/admin/v2/stub/GrpcBigtableTableAdminStub.java
src/main/java/com/google/cloud/bigtable/admin/v2/stub/BigtableTableAdminStub.java
src/main/java/com/google/cloud/bigtable/admin/v2/stub/BigtableTableAdminStubSettings.java
src/main/java/com/google/cloud/bigtable/admin/v2/stub/BigtableInstanceAdminStubSettings.java
src/main/java/com/google/cloud/bigtable/admin/v2/BigtableTableAdminClient.java
src/main/java/com/google/cloud/bigtable/admin/v2/BigtableTableAdminSettings.java
src/main/java/com/google/cloud/bigtable/admin/v2/BigtableInstanceAdminClient.java
