src/test/resources/com/google/cloud/bigtable/data/v2/stub/readrows/read-rows-acceptance-test.json
src/test/java/com/google/cloud/bigtable/gaxx/.DS_Store
src/test/java/com/google/cloud/bigtable/gaxx/reframing/ReframingResponseObserverTest.java
src/test/java/com/google/cloud/bigtable/gaxx/testing/FakeStreamingApi.java
src/test/java/com/google/cloud/bigtable/gaxx/testing/FakeStatusCode.java
src/test/java/com/google/cloud/bigtable/gaxx/testing/MockStreamingApi.java
src/test/java/com/google/cloud/bigtable/gaxx/testing/package-info.java
src/test/java/com/google/cloud/bigtable/data/v2/internal/RegexUtilTest.java
src/test/java/com/google/cloud/bigtable/data/v2/internal/ByteStringComparatorTest.java
src/test/java/com/google/cloud/bigtable/data/v2/models/MutationTest.java
src/test/java/com/google/cloud/bigtable/data/v2/models/FiltersTest.java
src/test/java/com/google/cloud/bigtable/data/v2/models/RowMutationTest.java
src/test/java/com/google/cloud/bigtable/data/v2/models/QueryTest.java
src/test/java/com/google/cloud/bigtable/data/v2/models/RangeTest.java
src/test/java/com/google/cloud/bigtable/data/v2/models/RowTest.java
src/test/java/com/google/cloud/bigtable/data/v2/models/DefaultRowAdapterTest.java
src/test/java/com/google/cloud/bigtable/data/v2/BigtableDataClientTest.java
src/test/java/com/google/cloud/bigtable/data/v2/stub/readrows/RowMergingCallableTest.java
src/test/java/com/google/cloud/bigtable/data/v2/stub/readrows/ReadRowsMergingAcceptanceTest.java
src/test/java/com/google/cloud/bigtable/data/v2/stub/EnhancedBigtableStubSettingsTest.java
src/main/java/com/google/cloud/bigtable/gaxx/reframing/IncompleteStreamException.java
src/main/java/com/google/cloud/bigtable/gaxx/reframing/ReframingResponseObserver.java
src/main/java/com/google/cloud/bigtable/gaxx/reframing/Reframer.java
src/main/java/com/google/cloud/bigtable/gaxx/reframing/package-info.java
src/main/java/com/google/cloud/bigtable/gaxx/package-info.java
src/main/java/com/google/cloud/bigtable/data/.DS_Store
src/main/java/com/google/cloud/bigtable/data/v2/.DS_Store
src/main/java/com/google/cloud/bigtable/data/v2/internal/ByteStringComparator.java
src/main/java/com/google/cloud/bigtable/data/v2/internal/RequestContext.java
src/main/java/com/google/cloud/bigtable/data/v2/internal/RegexUtil.java
src/main/java/com/google/cloud/bigtable/data/v2/models/MutationApi.java
src/main/java/com/google/cloud/bigtable/data/v2/models/Mutation.java
src/main/java/com/google/cloud/bigtable/data/v2/models/RowAdapter.java
src/main/java/com/google/cloud/bigtable/data/v2/models/DefaultRowAdapter.java
src/main/java/com/google/cloud/bigtable/data/v2/models/Filters.java
src/main/java/com/google/cloud/bigtable/data/v2/models/Row.java
src/main/java/com/google/cloud/bigtable/data/v2/models/Validations.java
src/main/java/com/google/cloud/bigtable/data/v2/models/KeyOffset.java
src/main/java/com/google/cloud/bigtable/data/v2/models/Query.java
src/main/java/com/google/cloud/bigtable/data/v2/models/RowCell.java
src/main/java/com/google/cloud/bigtable/data/v2/models/Range.java
src/main/java/com/google/cloud/bigtable/data/v2/models/RowMutation.java
src/main/java/com/google/cloud/bigtable/data/v2/BigtableDataSettings.java
src/main/java/com/google/cloud/bigtable/data/v2/stub/EnhancedBigtableStub.java
src/main/java/com/google/cloud/bigtable/data/v2/stub/readrows/RowMergingCallable.java
src/main/java/com/google/cloud/bigtable/data/v2/stub/readrows/RowMerger.java
src/main/java/com/google/cloud/bigtable/data/v2/stub/readrows/StateMachine.java
src/main/java/com/google/cloud/bigtable/data/v2/stub/EnhancedBigtableStubSettings.java
src/main/java/com/google/cloud/bigtable/data/v2/BigtableDataClient.java
